
> kifayatly-next@0.1.0 build
> next build

node.exe : ΓÜá Invalid 
next.config.mjs 
options detected: 
At line:1 char:1
+ & "C:\Program 
Files\nodejs/node.exe" 
"C:\Program 
Files\nodejs/node_mo 
...
+ ~~~~~~~~~~~~~~~~~~~~~
~~~~~~~~~~~~~~~~~~~~~~~
~~~~~~~~~~~~~~~~~~~~~~~
~~
    + CategoryInfo     
         : NotSpecifi  
  ed: (ΓÜá Invalid n   
 ex...ions detected    
: :String) [], Rem    
oteException
    + FullyQualifiedEr 
   rorId : NativeComm  
  andError
 
ΓÜá     Unrecognized 
key(s) in object: 
'reactCompiler' at 
"experimental"
ΓÜá See more info 
here: https://nextjs.or
g/docs/messages/invalid
-next-config
ΓÜá `experimental.react
Compiler` has been 
moved to 
`reactCompiler`. 
Please update your 
next.config.mjs file 
accordingly.
ΓÜá `experimental.cache
Components` has been 
moved to 
`cacheComponents`. 
Please update your 
next.config.mjs file 
accordingly.
Γû▓ Next.js 16.2.0-canary.91 (Turbopack)
- Environments: .env.local
- Cache Components enabled
- Experiments (use with caution):
  Γ£ô cacheComponents
  ? reactCompiler (invalid experimental key)
  Γ£ô turbopackFileSystemCacheForBuild

  Creating an optimized production build ...
Γ£ô Compiled successfully in 11.2s
  Running TypeScript ...
  Finished TypeScript in 160ms ...
  Collecting page data using 3 workers ...
  Generating static pages using 3 workers (0/31) ...
  Generating static pages using 3 workers (7/31) 
Γ£à [MONGODB] Connected (Hosted/Atlas)
Γ£à [MONGODB] Connected (Hosted/Atlas)
  Generating static pages using 3 workers (15/31) 
  Generating static pages using 3 workers (23/31) 
Γ£ô Generating static pages using 3 workers (31/31) in 13.8s
  Finalizing page optimization ...

Route (app)                    Revalidate  Expire
Γöî Γùï /                                  1m      1h
Γö£ Γùï /_not-found                        1h      1d
Γö£ ΓùÉ /admin                             1h      1d
Γö£ ΓùÉ /admin/categories                  1h      1d
Γö£ ΓùÉ /admin/cover-photos                1h      1d
Γö£ ΓùÉ /admin/login                       1h      1d
Γö£ ΓùÉ /admin/orders                      1h      1d
Γö£ ΓùÉ /admin/orders/[id]
Γöé Γöö /admin/orders/[id]
Γö£ ΓùÉ /admin/products                    1h      1d
Γö£ ΓùÉ /admin/products/add                1h      1d
Γö£ ΓùÉ /admin/products/edit/[id]
Γöé Γöö /admin/products/edit/[id]
Γö£ ΓùÉ /admin/settings                    1h      1d
Γö£ ΓùÉ /admin/shipping                    1h      1d
Γö£ ╞Æ /api/admin/dashboard
Γö£ ╞Æ /api/admin/notifications
Γö£ ╞Æ /api/auth/[...nextauth]
Γö£ ╞Æ /api/categories
Γö£ ╞Æ /api/categories/[id]
Γö£ ╞Æ /api/cloudinary-sign
Γö£ ╞Æ /api/cover-photos
Γö£ ╞Æ /api/images/placeholder
Γö£ ╞Æ /api/orders
Γö£ ╞Æ /api/products
Γö£ ╞Æ /api/products/[id]
Γö£ ╞Æ /api/reviews
Γö£ ╞Æ /api/reviews/[id]
Γö£ ╞Æ /api/search-products
Γö£ ╞Æ /api/settings
Γö£ Γùï /auth/signin                       1h      1d
Γö£ Γùï /checkout                          1h      1d
Γö£ ΓùÉ /orders                            1h      1d
Γö£ ΓùÉ /products                          1h      1d
Γöö ΓùÉ /products/[id]
  Γöö /products/[id]


╞Æ Proxy (Middleware)

Γùï  (Static)             prerendered as static content
ΓùÉ  (Partial Prerender)  prerendered as static HTML with dynamic server-streamed content
╞Æ  (Dynamic)            server-rendered on demand

