
> kifayatly-next@0.1.0 build
> next build

Γû▓ Next.js 16.2.0-canary.91 (Turbopack)
- Environments: .env.local
- Cache Components enabled
- Experiments (use with caution):
  Γ£ô turbopackFileSystemCacheForBuild

  Creating an optimized production build ...
Γ£ô Compiled successfully in 4.4s
  Running TypeScript ...
  Finished TypeScript in 167ms ...
  Collecting page data using 3 workers ...
[DATA] getProducts: Initiating DB connection...
Γ£à [MONGODB] Connected (Hosted/Atlas)
[DATA] getProducts: Fetching from Product model...
[DATA] getProducts: Successfully fetched 14 items
  Generating static pages using 3 workers (0/35) ...
[DATA] getProducts: Initiating DB connection...
[DATA] getProducts: Initiating DB connection...
[DATA] getProducts: Initiating DB connection...
Γ£à [MONGODB] Connected (Hosted/Atlas)
[DATA] getProducts: Fetching from Product model...
Γ£à [MONGODB] Connected (Hosted/Atlas)
[DATA] getProducts: Fetching from Product model...
[DATA] getProducts: Fetching from Product model...
[DATA] getProducts: Successfully fetched 14 items
[DATA] getProducts: Successfully fetched 14 items
node.exe : Error: 
Route "/admin/products/
edit/[id]": Uncached 
data was accessed 
outside of <Suspense>. 
This delays the entire 
page from rendering, 
resulting in a slow 
user experience. Learn 
more: https://nextjs.or
g/docs/messages/blockin
g-route
At line:1 char:1
+ & "C:\Program 
Files\nodejs/node.exe" 
"C:\Program 
Files\nodejs/node_mo 
...
+ ~~~~~~~~~~~~~~~~~~~~~
~~~~~~~~~~~~~~~~~~~~~~~
~~~~~~~~~~~~~~~~~~~~~~~
~~
    + CategoryInfo     
         : 
NotSpecified:     
(Error: Route "/.../   
 blocking-route:Strin  
  g) [], RemoteExcepti 
   on
    + 
FullyQualifiedErro    
rId : NativeCommandE   
 rror
 
    at <unknown> (src\c
omponents\LayoutWrapper
.jsx:10:41)
    at <unknown> (src\c
omponents\AuthProvider.
jsx:4:40)
    at <unknown> (src\c
ontext\CartContext.jsx:
9:32)
    at body 
(<anonymous>)
    at html 
(<anonymous>)
   8 | import 
CartDrawer from '@/comp
onents/CartDrawer';
   9 |
> 10 | export default 
function 
LayoutWrapper({ 
children, categories = 
[] }) {
     |                 
                       
 ^
  11 |     const 
[loading, setLoading] 
= useState(true);
  12 |     const 
[year, setYear] = 
useState(2025);
  13 |
To get a more detailed 
stack trace and 
pinpoint the issue, 
try one of the 
following:
  - Start the app in 
development mode by 
running `next dev`, 
then open "/admin/produ
cts/edit/[id]" in your 
browser to investigate 
the error.
  - Rerun the 
production build with 
`next build 
--debug-prerender` to 
generate better stack 
traces.
Error occurred 
prerendering page "/adm
in/products/edit/[id]".
 Read more: https://nex
tjs.org/docs/messages/p
rerender-error
Export encountered an 
error on /admin/product
s/edit/[id]/page: /admi
n/products/edit/[id], 
exiting the build.
Γ¿» Next.js build 
worker exited with 
code: 1 and signal: 
null
